[forest.themenum.com/azan/dashboard.html]
[backblue.gif]
[fade.gif]
[index.html]
[forest.themenum.com/azan/font-awesome-4.2.0/css/font-awesome.css]
[forest.themenum.com/azan/css/daterangepicker-bs3.css]
[forest.themenum.com/azan/css/bootstrap.css]
[forest.themenum.com/azan/css/jquery-jvectormap.css]
[forest.themenum.com/azan/css/owl.carousel.css]
[forest.themenum.com/azan/css/style.css]
[forest.themenum.com/azan/images/resource/sender1.jpg]
[forest.themenum.com/azan/css/responsive.css]
[forest.themenum.com/azan/images/resource/sender2.jpg]
[forest.themenum.com/azan/images/typing-loading.gif]
[forest.themenum.com/azan/images/logo2.png]
[forest.themenum.com/azan/images/resource/sender3.jpg]
[forest.themenum.com/azan/images/resource/sender4.jpg]
[forest.themenum.com/azan/inbox.html]
[forest.themenum.com/azan/images/resource/me.jpg]
[forest.themenum.com/azan/profile.html]
[forest.themenum.com/azan/faq.html]
[forest.themenum.com/azan/index.html]
[forest.themenum.com/azan/dashboard2.html]
[forest.themenum.com/azan/dashboard3.html]
[forest.themenum.com/azan/landing1/index.html]
[forest.themenum.com/azan/landing1/index2.html]
[forest.themenum.com/azan/blank.html]
[forest.themenum.com/azan/collapse-sidebar-left.html]
[forest.themenum.com/azan/collapse-sidebar-right.html]
[forest.themenum.com/azan/menu-horizontal.html]
[forest.themenum.com/azan/panel-left-menu-right.html]
[forest.themenum.com/azan/panel-right-menu-left.html]
[forest.themenum.com/azan/sidebar-left.html]
[forest.themenum.com/azan/sidebar-right.html]
[forest.themenum.com/azan/widgets.html]
[forest.themenum.com/azan/buttons.html]
[forest.themenum.com/azan/timeline.html]
[forest.themenum.com/azan/typography.html]
[forest.themenum.com/azan/calendars.html]
[forest.themenum.com/azan/upload-crop.html]
[forest.themenum.com/azan/tour.html]
[forest.themenum.com/azan/tree-list.html]
[forest.themenum.com/azan/collapse.html]
[forest.themenum.com/azan/editor.html]
[forest.themenum.com/azan/form.html]
[forest.themenum.com/azan/gallery-dynamic.html]
[forest.themenum.com/azan/gallery-static.html]
[forest.themenum.com/azan/grids.html]
[forest.themenum.com/azan/notifications.html]
[forest.themenum.com/azan/icons.html]
[forest.themenum.com/azan/range-slider.html]
[forest.themenum.com/azan/price-table.html]
[forest.themenum.com/azan/slider.html]
[forest.themenum.com/azan/sortable.html]
[forest.themenum.com/azan/tables.html]
[forest.themenum.com/azan/tasks.html]
[forest.themenum.com/azan/tasks-widget.html]
[forest.themenum.com/azan/charts.html]
[forest.themenum.com/azan/404.html]
[forest.themenum.com/azan/contact.html]
[forest.themenum.com/azan/google-map.html]
[forest.themenum.com/azan/vector-map.html]
[forest.themenum.com/azan/invoice.html]
[forest.themenum.com/azan/pattern-login.html]
[forest.themenum.com/azan/images/resource/us-flag.jpg]
[forest.themenum.com/azan/images/resource/china-flag.jpg]
[forest.themenum.com/azan/images/resource/turkey-flag.jpg]
[forest.themenum.com/azan/images/resource/australia-flag.jpg]
[forest.themenum.com/azan/images/resource/india-flag.jpg]
[forest.themenum.com/azan/images/resource/brazil-flag.jpg]
[forest.themenum.com/azan/images/resource/view.gif]
[forest.themenum.com/azan/images/resource/gallery1.jpg]
[forest.themenum.com/azan/images/resource/gallery2.jpg]
[forest.themenum.com/azan/images/resource/gallery3.jpg]
[forest.themenum.com/azan/images/resource/gallery4.jpg]
[forest.themenum.com/azan/js/modernizr.js]
[forest.themenum.com/azan/js/script.js]
[forest.themenum.com/azan/js/enscroll.js]
[forest.themenum.com/azan/js/daterangepicker.js]
[forest.themenum.com/azan/js/grid-filter.js]
[forest.themenum.com/azan/js/bootstrap.js]
[forest.themenum.com/azan/js/jquery-jvectormap.js]
[forest.themenum.com/azan/js/moment.js]
[forest.themenum.com/azan/js/gdp-data.js]
[forest.themenum.com/azan/js/chart-line-and-graph.js]
[forest.themenum.com/azan/js/jquery.flot.min.js]
[forest.themenum.com/azan/js/jquery.sparkline.min.js]
[forest.themenum.com/azan/dashboard.html]
[forest.themenum.com/azan/js/owl.carousel.min.js]
[forest.themenum.com/azan/js/html5lightbox.js]
[forest.themenum.com/azan/font-awesome-4.2.0/fonts/fontawesome-webfont78ce.eot]
[forest.themenum.com/azan/font-awesome-4.2.0/fonts/fontawesome-webfontd41d.eot]
[forest.themenum.com/azan/js/jquery-jvectormap-world-en.js]
[forest.themenum.com/azan/js/jquery-1.11.1.js]
[forest.themenum.com/azan/font-awesome-4.2.0/fonts/fontawesome-webfont78ce.woff]
[forest.themenum.com/azan/font-awesome-4.2.0/fonts/fontawesome-webfont78ce.ttf]
[forest.themenum.com/azan/font-awesome-4.2.0/css/font-awesome.css]
[forest.themenum.com/azan/css/daterangepicker-bs3.css]
[forest.themenum.com/azan/css/bootstrap.css]
[forest.themenum.com/azan/css/jquery-jvectormap.css]
[forest.themenum.com/azan/css/owl.carousel.css]
[forest.themenum.com/azan/images/pattern.png]
[forest.themenum.com/azan/images/resource/carousal-bg.jpg]
[forest.themenum.com/azan/images/resource/profile-bg.jpg]
[forest.themenum.com/azan/assets/error.gif]
[forest.themenum.com/azan/assets/success.gif]
[forest.themenum.com/azan/img/logo2.png]
[forest.themenum.com/azan/img/complete.png]
[forest.themenum.com/azan/images/resource/error-bg.jpg]
[forest.themenum.com/azan/images/resource/white-shadow.png]
[forest.themenum.com/azan/css/style.css]
[forest.themenum.com/azan/css/responsive.css]
[forest.themenum.com/azan/css/farbtastic.css]
[forest.themenum.com/azan/js/shortcut.js]
[forest.themenum.com/azan/js/farbtastic.js]
[forest.themenum.com/azan/js/bootstrap-dropdown.js]
[forest.themenum.com/azan/js/fresh.min.js]
[forest.themenum.com/azan/inbox.html]
[forest.themenum.com/azan/profile.html]
[forest.themenum.com/azan/faq.html]
[forest.themenum.com/azan/images/resource/login-bg.jpg]
[forest.themenum.com/azan/images/logo.png]
[forest.themenum.com/azan/index.html]
[forest.themenum.com/azan/css/rickshaw.css]
[forest.themenum.com/azan/js/chart.js]
[forest.themenum.com/azan/js/extra.js]
[forest.themenum.com/azan/js/raphael-min.js]
[forest.themenum.com/azan/js/rickshaw.min.js]
[forest.themenum.com/azan/dashboard2.html]
[forest.themenum.com/azan/images/resource/tweet-bg.jpg]
[forest.themenum.com/azan/js/d3.v2.js]
[forest.themenum.com/azan/js/snap.svg.js]
[forest.themenum.com/azan/js/svg-donut-chart-framework.js]
[forest.themenum.com/azan/dashboard3.html]
[forest.themenum.com/azan/landing1/css/bootstrap.css]
[forest.themenum.com/azan/landing1/font-awesome-4.0.3/css/font-awesome.css]
[forest.themenum.com/azan/landing1/css/owl.carousel.css]
[forest.themenum.com/azan/landing1/css/style.css]
[forest.themenum.com/azan/landing1/css/responsive.css]
[forest.themenum.com/azan/landing1/css/blue.css]
[forest.themenum.com/azan/landing1/css/brown.css]
[forest.themenum.com/azan/landing1/css/purple.css]
[forest.themenum.com/azan/landing1/css/red.css]
[forest.themenum.com/azan/landing1/css/green.css]
[forest.themenum.com/azan/landing1/images/logo.png]
[forest.themenum.com/azan/landing1/images/mockup.png]
[forest.themenum.com/azan/landing1/images/resource/img-tab1.jpg]
[forest.themenum.com/azan/landing1/images/resource/img-tab2.jpg]
[forest.themenum.com/azan/landing1/images/resource/img-tab3.jpg]
[forest.themenum.com/azan/landing1/images/resource/portfolio1.jpg]
[forest.themenum.com/azan/landing1/images/resource/portfolio11.jpg]
[forest.themenum.com/azan/landing1/images/resource/portfolio2.jpg]
[forest.themenum.com/azan/landing1/images/resource/portfolio22.jpg]
[forest.themenum.com/azan/landing1/images/resource/portfolio3.jpg]
[forest.themenum.com/azan/landing1/images/resource/portfolio33.jpg]
[forest.themenum.com/azan/landing1/images/resource/portfolio4.jpg]
[forest.themenum.com/azan/landing1/images/resource/portfolio44.jpg]
[forest.themenum.com/azan/landing1/images/resource/portfolio5.jpg]
[forest.themenum.com/azan/landing1/images/resource/portfolio55.jpg]
[forest.themenum.com/azan/landing1/images/resource/portfolio6.jpg]
[forest.themenum.com/azan/landing1/images/resource/portfolio66.jpg]
[forest.themenum.com/azan/landing1/images/resource/testimonial1.jpg]
[forest.themenum.com/azan/landing1/images/resource/testimonial2.jpg]
[forest.themenum.com/azan/landing1/images/resource/testimonial3.jpg]
[forest.themenum.com/azan/landing1/images/resource/testimonial4.jpg]
[forest.themenum.com/azan/landing1/images/resource/clients1.png]
[forest.themenum.com/azan/landing1/images/resource/clients2.png]
[forest.themenum.com/azan/landing1/images/resource/clients3.png]
[forest.themenum.com/azan/landing1/images/resource/clients4.png]
[forest.themenum.com/azan/landing1/images/resource/clients5.png]
[forest.themenum.com/azan/landing1/images/resource/clients6.png]
[forest.themenum.com/azan/landing1/images/resource/team1.png]
[forest.themenum.com/azan/landing1/images/resource/team2.png]
[forest.themenum.com/azan/landing1/images/resource/team3.png]
[forest.themenum.com/azan/landing1/images/resource/flickr1.jpg]
[forest.themenum.com/azan/landing1/images/resource/flickr2.jpg]
[forest.themenum.com/azan/landing1/images/resource/flickr3.jpg]
[forest.themenum.com/azan/landing1/images/resource/flickr4.jpg]
[forest.themenum.com/azan/landing1/images/resource/flickr5.jpg]
[forest.themenum.com/azan/landing1/images/resource/flickr6.jpg]
[forest.themenum.com/azan/landing1/images/resource/flickr7.jpg]
[forest.themenum.com/azan/landing1/images/resource/flickr8.jpg]
[forest.themenum.com/azan/landing1/images/resource/flickr9.jpg]
[forest.themenum.com/azan/landing1/images/resource/flickr10.jpg]
[forest.themenum.com/azan/landing1/images/resource/flickr11.jpg]
[forest.themenum.com/azan/landing1/images/resource/flickr12.jpg]
[forest.themenum.com/azan/landing1/js/modernizr.js]
[forest.themenum.com/azan/landing1/js/script.js]
[forest.themenum.com/azan/landing1/js/owl.carousel.min.js]
[forest.themenum.com/azan/landing1/js/bootstrap.js]
[forest.themenum.com/azan/landing1/js/jquery.simple-text-rotator.js]
[forest.themenum.com/azan/landing1/js/jquery.mixitup.min.js]
[forest.themenum.com/azan/landing1/js/scrolltopcontrol.js]
[forest.themenum.com/azan/landing1/js/jquery.jigowatt.js]
[forest.themenum.com/azan/landing1/index.html]
[forest.themenum.com/azan/landing1/js/switcher.js]
[forest.themenum.com/azan/landing1/css/revolution.css]
[forest.themenum.com/azan/landing1/js/html5lightbox.js]
[forest.themenum.com/azan/landing1/images/resource/slide1.jpg]
[forest.themenum.com/azan/landing1/images/slide1-men.png]
[forest.themenum.com/azan/landing1/images/resource/slide2.jpg]
[forest.themenum.com/azan/landing1/js/jquery-1.11.js]
[forest.themenum.com/azan/landing1/images/slide2-girl.png]
[forest.themenum.com/azan/landing1/images/mockup2.png]
[forest.themenum.com/azan/landing1/images/mockup3.png]
[forest.themenum.com/azan/landing1/images/resource/post1.jpg]
[forest.themenum.com/azan/landing1/images/resource/post-author1.jpg]
[forest.themenum.com/azan/landing1/images/resource/post2.jpg]
[forest.themenum.com/azan/landing1/images/resource/post3.jpg]
[forest.themenum.com/azan/landing1/images/resource/post4.jpg]
[forest.themenum.com/azan/landing1/index2.html]
[forest.themenum.com/azan/blank.html]
[forest.themenum.com/azan/collapse-sidebar-left.html]
[forest.themenum.com/azan/collapse-sidebar-right.html]
[forest.themenum.com/azan/menu-horizontal.html]
[forest.themenum.com/azan/panel-left-menu-right.html]
[forest.themenum.com/azan/panel-right-menu-left.html]
[forest.themenum.com/azan/sidebar-left.html]
[forest.themenum.com/azan/sidebar-right.html]
[forest.themenum.com/azan/js/clc.js]
[forest.themenum.com/azan/widgets.html]
[forest.themenum.com/azan/js/jquery.jigowatt.js]
[forest.themenum.com/azan/css/hover.css]
[forest.themenum.com/azan/landing1/js/jquery.themepunch.plugins.min.js]
[forest.themenum.com/azan/buttons.html]
[forest.themenum.com/azan/timeline.html]
[forest.themenum.com/azan/typography.html]
[forest.themenum.com/azan/js/dynamic-tags.js]
[forest.themenum.com/azan/landing1/js/jquery.themepunch.revolution.min.js]
[forest.themenum.com/azan/css/fullcalendar.css]
[forest.themenum.com/azan/css/fullcalendar.print.css]
[forest.themenum.com/azan/calendars.html]
[forest.themenum.com/azan/css/jquery.Jcrop.min.css]
[forest.themenum.com/azan/js/jquery.Jcrop.min.js]
[forest.themenum.com/azan/js/fullcalendar.min.js]
[forest.themenum.com/azan/upload-crop.html]
[forest.themenum.com/azan/js/jquery.Jcrop.js]
[forest.themenum.com/azan/tour.html]
[forest.themenum.com/azan/js/abixTreeList.min.js]
[forest.themenum.com/azan/tree-list.html]
[forest.themenum.com/azan/collapse.html]
[forest.themenum.com/azan/editor.html]
[forest.themenum.com/azan/js/intro.js]
[forest.themenum.com/azan/form.html]
[forest.themenum.com/azan/css/blueimp.css]
[forest.themenum.com/azan/js/jquery.smartWizard.js]
[forest.themenum.com/azan/css/jquery.fileupload.css]
[forest.themenum.com/azan/js/jquery.min.js]
[forest.themenum.com/azan/css/jquery.fileupload-ui.css]
[forest.themenum.com/azan/css/jquery.fileupload-noscript.css]
[forest.themenum.com/azan/css/jquery.fileupload-ui-noscript.css]
[forest.themenum.com/azan/js/vendor/jquery.ui.widget.js]
[blueimp.github.io/JavaScript-Templates/js/tmpl.min.js]
[blueimp.github.io/JavaScript-Load-Image/js/load-image.all.min.js]
[blueimp.github.io/JavaScript-Canvas-to-Blob/js/canvas-to-blob.min.js]
[netdna.bootstrapcdn.com/bootstrap/3.2.0/js/bootstrap.min.js]
[blueimp.github.io/Gallery/js/jquery.blueimp-gallery.min.js]
[forest.themenum.com/azan/js/jquery.iframe-transport.js]
[forest.themenum.com/azan/js/jquery.fileupload-process.js]
[forest.themenum.com/azan/js/jquery.fileupload-image.js]
[forest.themenum.com/azan/js/jquery.fileupload-audio.js]
[forest.themenum.com/azan/js/jquery.fileupload.js]
[forest.themenum.com/azan/js/jquery.fileupload-video.js]
[forest.themenum.com/azan/js/jquery.fileupload-validate.js]
[forest.themenum.com/azan/js/jquery.fileupload-ui.js]
[forest.themenum.com/azan/js/main.js]
[forest.themenum.com/azan/gallery-dynamic.html]
[forest.themenum.com/azan/images/resource/wide1.jpg]
[forest.themenum.com/azan/images/resource/wide2.jpg]
[forest.themenum.com/azan/images/resource/wide3.jpg]
[forest.themenum.com/azan/images/resource/wide4.jpg]
[forest.themenum.com/azan/images/resource/wide5.jpg]
[forest.themenum.com/azan/images/resource/wide7.jpg]
[forest.themenum.com/azan/images/resource/wide8.jpg]
[forest.themenum.com/azan/images/resource/wide9.jpg]
[forest.themenum.com/azan/gallery-static.html]
[forest.themenum.com/azan/grids.html]
[forest.themenum.com/azan/icons.html]
[forest.themenum.com/azan/notifications.html]
[forest.themenum.com/azan/price-table.html]
[forest.themenum.com/azan/css/ion.rangeSlider.skinNice.css]
[forest.themenum.com/azan/css/ion.rangeSlider.css]
[forest.themenum.com/azan/css/normalize.min.css]
[forest.themenum.com/azan/range-slider.html]
[forest.themenum.com/azan/js/ion.rangeSlider.min.js]
[forest.themenum.com/azan/images/resource/slide1.jpg]
[forest.themenum.com/azan/images/resource/slide2.jpg]
[forest.themenum.com/azan/images/resource/slide3.jpg]
[forest.themenum.com/azan/images/resource/slide11.jpg]
[forest.themenum.com/azan/images/resource/slide22.jpg]
[forest.themenum.com/azan/images/resource/slide33.jpg]
[forest.themenum.com/azan/slider.html]
[forest.themenum.com/azan/js/html.sortable.js]
[forest.themenum.com/azan/sortable.html]
[forest.themenum.com/azan/js/streaming-mustache.js]
[forest.themenum.com/azan/js/stream_table.js]
[forest.themenum.com/azan/js/movie_data.js]
[forest.themenum.com/azan/js/stream.js]
[forest.themenum.com/azan/tables.html]
[forest.themenum.com/azan/js/task.js]
[forest.themenum.com/azan/js/jquery-ui.js]
[forest.themenum.com/azan/tasks.html]
[forest.themenum.com/azan/js/todo.js]
[forest.themenum.com/azan/tasks-widget.html]
[forest.themenum.com/azan/charts.html]
[forest.themenum.com/azan/404.html]
[forest.themenum.com/azan/contact.html]
[forest.themenum.com/azan/google-map.html]
[forest.themenum.com/azan/vector-map.html]
[forest.themenum.com/azan/invoice.html]
[forest.themenum.com/azan/css/patternLock.css]
[forest.themenum.com/azan/images/resource/pattern-bg.jpg]
[forest.themenum.com/azan/images/logo1.png]
[forest.themenum.com/azan/images/resource/pattern.jpg]
[forest.themenum.com/azan/pattern-login.html]
[forest.themenum.com/azan/font-awesome-4.2.0/fonts/fontawesome-webfont78ce.svg]
[forest.themenum.com/azan/fonts/glyphicons-halflings-regular.html]
[forest.themenum.com/azan/fonts/glyphicons-halflings-regulard41d.html]
[forest.themenum.com/azan/fonts/glyphicons-halflings-regular-2.html]
[forest.themenum.com/azan/fonts/glyphicons-halflings-regular-3.html]
[forest.themenum.com/azan/fonts/glyphicons-halflings-regular-4.html]
[forest.themenum.com/azan/css/grabbing.html]
[forest.themenum.com/azan/js/patternLock.js]
[forest.themenum.com/azan/css/farbtastic.css]
[forest.themenum.com/azan/css/rickshaw.css]
[forest.themenum.com/azan/landing1/css/bootstrap.css]
[forest.themenum.com/azan/landing1/font-awesome-4.0.3/fonts/fontawesome-webfontba72.eot]
[forest.themenum.com/azan/landing1/font-awesome-4.0.3/fonts/fontawesome-webfontd41d.eot]
[forest.themenum.com/azan/landing1/font-awesome-4.0.3/fonts/fontawesome-webfontba72.woff]
[forest.themenum.com/azan/landing1/font-awesome-4.0.3/fonts/fontawesome-webfontba72.ttf]
[forest.themenum.com/azan/landing1/font-awesome-4.0.3/css/font-awesome.css]
[forest.themenum.com/azan/landing1/css/owl.carousel.css]
[forest.themenum.com/azan/landing1/images/pattern.png]
[forest.themenum.com/azan/landing1/images/resource/sec-bg1.jpg]
[forest.themenum.com/azan/landing1/images/resource/sec-bg2.jpg]
[forest.themenum.com/azan/landing1/images/resource/sec-bg3.jpg]
[forest.themenum.com/azan/landing1/images/resource/sec-bg4.jpg]
[forest.themenum.com/azan/landing1/images/resource/sec-bg5.jpg]
[forest.themenum.com/azan/landing1/images/resource/sec-bg6.jpg]
[forest.themenum.com/azan/landing1/images/resource/sec-bg7.jpg]
[forest.themenum.com/azan/landing1/images/resource/sec-bg8.jpg]
[forest.themenum.com/azan/landing1/images/resource/inner-bg.jpg]
[forest.themenum.com/azan/landing1/images/error.gif]
[forest.themenum.com/azan/landing1/images/success.gif]
[forest.themenum.com/azan/landing1/images/bgs1.jpg]
[forest.themenum.com/azan/landing1/images/bgs2.jpg]
[forest.themenum.com/azan/landing1/images/bgs3.jpg]
[forest.themenum.com/azan/landing1/images/bgs4.jpg]
[forest.themenum.com/azan/landing1/images/bgs5.jpg]
[forest.themenum.com/azan/landing1/images/bg1.jpg]
[forest.themenum.com/azan/landing1/images/bg2.jpg]
[forest.themenum.com/azan/landing1/images/bg3.jpg]
[forest.themenum.com/azan/landing1/images/bg4.jpg]
[forest.themenum.com/azan/landing1/images/bg5.jpg]
[forest.themenum.com/azan/landing1/css/style.css]
[forest.themenum.com/azan/landing1/css/responsive.css]
[forest.themenum.com/azan/landing1/css/blue.css]
[forest.themenum.com/azan/landing1/css/brown.css]
[forest.themenum.com/azan/landing1/css/purple.css]
[forest.themenum.com/azan/landing1/css/red.css]
[forest.themenum.com/azan/landing1/css/green.css]
[forest.themenum.com/azan/landing1/assets/shadow1.png]
[forest.themenum.com/azan/landing1/assets/shadow2.png]
[forest.themenum.com/azan/landing1/assets/shadow3.png]
[forest.themenum.com/azan/landing1/assets/gridtile.png]
[forest.themenum.com/azan/landing1/assets/gridtile_white.png]
[forest.themenum.com/azan/landing1/assets/gridtile_3x3.png]
[forest.themenum.com/azan/landing1/assets/gridtile_3x3_white.png]
[forest.themenum.com/azan/landing1/assets/boxed_bgtile.png]
[forest.themenum.com/azan/landing1/assets/navigdots_bgtile.png]
[forest.themenum.com/azan/landing1/assets/bullet.png]
[forest.themenum.com/azan/landing1/assets/bullets.png]
[forest.themenum.com/azan/landing1/assets/bullets2.png]
[forest.themenum.com/azan/landing1/assets/bullet_boxed.png]
[forest.themenum.com/azan/landing1/assets/navigdots.png]
[forest.themenum.com/azan/landing1/assets/large_left.png]
[forest.themenum.com/azan/landing1/assets/large_right.png]
[forest.themenum.com/azan/landing1/assets/small_left.png]
[forest.themenum.com/azan/landing1/assets/small_right.png]
[forest.themenum.com/azan/landing1/assets/arrow_left.png]
[forest.themenum.com/azan/landing1/assets/arrow_right.png]
[forest.themenum.com/azan/landing1/assets/small_left_boxed.png]
[forest.themenum.com/azan/landing1/assets/small_right_boxed.png]
[forest.themenum.com/azan/landing1/assets/arrowleft.png]
[forest.themenum.com/azan/landing1/assets/arrowright.png]
[forest.themenum.com/azan/landing1/assets/arrow_left2.png]
[forest.themenum.com/azan/landing1/assets/arrow_right2.png]
[forest.themenum.com/azan/landing1/assets/timer.png]
[forest.themenum.com/azan/landing1/assets/coloredbg.png]
[forest.themenum.com/azan/landing1/assets/loader.gif]
[forest.themenum.com/azan/landing1/css/revolution.css]
[forest.themenum.com/azan/landing1/blog.html]
[forest.themenum.com/azan/landing1/single-post.html]
[thecodeplayer.com/uploads/js/prefixfree-1.0.7.js]
[forest.themenum.com/azan/css/hover.css]
[forest.themenum.com/azan/css/fullcalendar.css]
[forest.themenum.com/azan/css/fullcalendar.print.css]
[forest.themenum.com/azan/css/Jcrop.gif]
[forest.themenum.com/azan/css/jquery.Jcrop.min.css]
[forest.themenum.com/azan/css/blueimp.css]
[forest.themenum.com/azan/css/jquery.fileupload.css]
[forest.themenum.com/azan/css/jquery.fileupload-ui.css]
[forest.themenum.com/azan/css/jquery.fileupload-noscript.css]
[forest.themenum.com/azan/css/jquery.fileupload-ui-noscript.css]
[forest.themenum.com/azan/images/resource/wide6.jpg]
[forest.themenum.com/azan/img/sprite-skin-nice.png]
[forest.themenum.com/azan/css/ion.rangeSlider.skinNice.css]
[forest.themenum.com/azan/css/ion.rangeSlider.css]
[forest.themenum.com/azan/css/normalize.min.css]
[forest.themenum.com/azan/css/patternLock.css]
[forest.themenum.com/azan/css/wheel.html]
[forest.themenum.com/azan/css/mask.html]
[forest.themenum.com/azan/css/marker.html]
[forest.themenum.com/azan/landing1/fonts/glyphicons-halflings-regular.html]
[forest.themenum.com/azan/landing1/fonts/glyphicons-halflings-regulard41d.html]
[forest.themenum.com/azan/landing1/fonts/glyphicons-halflings-regular-2.html]
[forest.themenum.com/azan/landing1/fonts/glyphicons-halflings-regular-3.html]
[forest.themenum.com/azan/landing1/fonts/glyphicons-halflings-regular-4.html]
[forest.themenum.com/azan/landing1/font-awesome-4.0.3/fonts/fontawesome-webfontba72.svg]
[forest.themenum.com/azan/landing1/css/grabbing.html]
[forest.themenum.com/azan/landing1/images/resource/sec-bg9.html]
[forest.themenum.com/azan/landing1/images/pattern1.html]
[forest.themenum.com/azan/landing1/images/bg6.html]
[forest.themenum.com/azan/landing1/images/gradient/g30.html]
[forest.themenum.com/azan/landing1/images/gradient/g40.html]
[forest.themenum.com/azan/landing1/font/revicons90c6.html]
[forest.themenum.com/azan/landing1/font/revicons90c6-2.html]
[forest.themenum.com/azan/landing1/font/revicons90c6-3.html]
[forest.themenum.com/azan/landing1/font/revicons90c6-4.html]
[forest.themenum.com/azan/img/loading.html]
[forest.themenum.com/azan/img/error.html]
[forest.themenum.com/azan/img/play-pause.html]
[forest.themenum.com/azan/img/error-2.html]
[forest.themenum.com/azan/img/play-pause-2.html]
[forest.themenum.com/azan/img/video-play.html]
[forest.themenum.com/azan/img/video-play-2.html]
[forest.themenum.com/azan/img/progressbar.html]
